// Jest Snapshot v1, https://goo.gl/fbAQLP

exports[`should render homepage 1`] = `
<div>
  <div>
    <h1>
      Home Page
    </h1>
  </div>
</div>
`;
