// Jest Snapshot v1, https://goo.gl/fbAQLP

exports[`should render a player list 1`] = `
<div>
  <div>
    <h1>
      Player Page
    </h1>
  </div>
  <ul />
</div>
`;
